main_new.c:100:5:main	8	static
main_new.c:181:6:SystemClock_Config	216	static
main_new.c:238:13:MX_USART3_UART_Init	8	static
main_new.c:273:13:MX_USB_OTG_FS_PCD_Init	8	static
main_new.c:306:13:MX_DMA_Init	16	static
main_new.c:327:13:MX_GPIO_Init	24	static
main_new.c:403:9:ping_timer_callback	56	static
main_new.c:359:6:StartDefaultTask	1472	static
main_new.c:466:9:ping_subscription_callback	32	static
main_new.c:478:9:pong_subscription_callback	32	static
main_new.c:579:6:HAL_TIM_PeriodElapsedCallback	16	static
main_new.c:596:6:Error_Handler	4	static
