main.c:103:5:main	8	static
main.c:184:6:SystemClock_Config	216	static
main.c:241:13:MX_USART3_UART_Init	8	static
main.c:276:13:MX_USB_OTG_FS_PCD_Init	8	static
main.c:309:13:MX_DMA_Init	16	static
main.c:330:13:MX_GPIO_Init	24	static
main.c:366:9:handle_encoders	32	static
main.c:362:6:StartDefaultTask	1664	static
main.c:439:9:odom_tf_timer_callback	64	static
main.c:504:9:cmd_vel_subscription_callback	48	static
main.c:573:6:HAL_TIM_PeriodElapsedCallback	16	static
main.c:590:6:Error_Handler	4	static
