stdatomic.c:96:1:__libatomic_flag_for_address	24	static
stdatomic.c:115:1:maybe_release_fence	16	static
stdatomic.c:137:1:maybe_acquire_fence	16	static
stdatomic.c:159:1:get_lock	24	static
stdatomic.c:172:1:free_lock	24	static
stdatomic.c:185:1:__atomic_is_lock_free	16	static
stdatomic.c:225:1:__atomic_load	40	static
stdatomic.c:277:1:__atomic_store	40	static
stdatomic.c:330:1:__atomic_exchange	56	static
stdatomic.c:387:1:__atomic_compare_exchange	48	static
stdatomic.c:523:1:__atomic_load_1	16	static
stdatomic.c:524:1:__atomic_store_1	24	static
stdatomic.c:525:1:__atomic_exchange_1	24	static
stdatomic.c:526:1:__atomic_compare_exchange_1	24	static
stdatomic.c:527:1:__atomic_fetch_add_1	24	static
stdatomic.c:528:1:__atomic_fetch_sub_1	24	static
stdatomic.c:529:1:__atomic_fetch_and_1	24	static
stdatomic.c:530:1:__atomic_fetch_or_1	24	static
stdatomic.c:531:1:__atomic_fetch_xor_1	24	static
stdatomic.c:532:1:__atomic_fetch_nand_1	24	static
stdatomic.c:536:1:__atomic_load_2	16	static
stdatomic.c:537:1:__atomic_store_2	24	static
stdatomic.c:538:1:__atomic_exchange_2	24	static
stdatomic.c:539:1:__atomic_compare_exchange_2	24	static
stdatomic.c:540:1:__atomic_fetch_add_2	24	static
stdatomic.c:541:1:__atomic_fetch_sub_2	24	static
stdatomic.c:542:1:__atomic_fetch_and_2	24	static
stdatomic.c:543:1:__atomic_fetch_or_2	24	static
stdatomic.c:544:1:__atomic_fetch_xor_2	24	static
stdatomic.c:545:1:__atomic_fetch_nand_2	24	static
stdatomic.c:550:1:__atomic_load_4	16	static
stdatomic.c:551:1:__atomic_store_4	24	static
stdatomic.c:552:1:__atomic_exchange_4	24	static
stdatomic.c:553:1:__atomic_compare_exchange_4	24	static
stdatomic.c:554:1:__atomic_fetch_add_4	24	static
stdatomic.c:555:1:__atomic_fetch_sub_4	24	static
stdatomic.c:556:1:__atomic_fetch_and_4	24	static
stdatomic.c:557:1:__atomic_fetch_or_4	24	static
stdatomic.c:558:1:__atomic_fetch_xor_4	24	static
stdatomic.c:559:1:__atomic_fetch_nand_4	24	static
stdatomic.c:564:1:__atomic_load_8	24	static
stdatomic.c:565:1:__atomic_store_8	24	static
stdatomic.c:566:1:__atomic_exchange_8	32	static
stdatomic.c:567:1:__atomic_compare_exchange_8	24	static
stdatomic.c:568:1:__atomic_fetch_add_8	40	static
stdatomic.c:569:1:__atomic_fetch_sub_8	40	static
stdatomic.c:570:1:__atomic_fetch_and_8	40	static
stdatomic.c:571:1:__atomic_fetch_or_8	40	static
stdatomic.c:572:1:__atomic_fetch_xor_8	40	static
stdatomic.c:573:1:__atomic_fetch_nand_8	48	static
